Script started on Tue 13 May 2014 09:36:17 AM PDT
$ 
$ cat project6.c
/*Rosanne Rogel
Comp 322 - Project6*/

#include <stdio.h>
#include <stdlib.h>
#include <string.h>


/*#define N 3 so that we dont need to change the value of the demension (n x n)*/

char *pgmname; /*name of this program*/
short lflag = 0;/*-l flag on command line for lines*/
short wflag = 0;/*-w flag on command line for word*/
short cflag = 0;/*-c flag on command line characters*/
int fork(void);
int read(int fd, void *buf, unsigned len);
int write(int fd, void *buf, unsigned len);

int main(int argc, char *argv[]){
   int i; char *cp;
   int piped[i][2];/*pd[i][2] pipe descriptors*/
   int newlines, letters, other, words, bytes, c, com=c;
   int totall = 0, totalw= 0, totalb = 0;
   int pd[2];
   char buf[100];/*buffer for pipe*/
   char total[50];
   FILE *fp;
   pgmname = argv[0];
   fp = stdin;
   int f=-1;

   for(i = 1; i < argc; i++){
      newlines = 0; letters = 0; other = 0; words = 0; bytes = 0;
      cp = argv [i];
      if (*cp == '-'){ /*a flag*/
         if (*++cp == 'l')
            lflag++;
         else if (*cp == 'w')
            wflag++;
         else if (*cp == 'c')
            cflag++;
      }
      else {
         /*if (fp != stdin){
            fprintf(stderr, "%s: too many arguments\n", pgmname);
            exit(1);
         }*/
         fp = fopen(cp, "r");
         if(fp == NULL){
            fprintf(stderr,"%s: unable to read %s\n",  pgmname, cp);
            exit(1);
         }
         else{
            while ((c = fgetc(fp)) != EOF){
               if(c == '\n')
                  ++newlines;
               else if (c >= 'a' && c <= 'z' || c >= 'A' && c <= 'Z')
                  ++letters;
               else
                  ++other;
                  
               if((com >= 'a' && com <= 'z' || com >= 'A' && com <= 'Z') && 
               ((c >= 0 && c <= 64) || (c >= 91 && c <= 96) ||(c >= 123 && c <= 127)))
                  ++words;
               com = c;
            }
         }
         bytes = newlines + letters + other;
         totall = totall + newlines;
         totalw = totalw + words;
         totalb = totalb + bytes;
         snprintf(buf, 100, "%5d %5d %5d %s", newlines, words, bytes, cp);
         snprintf(total, 100,"%5d %5d %5d %s", totall, totalw, totalb, "total");
      }
      f = fork();
      switch(f > 0){
         case -1:
            perror("fork call");
            exit(2);
         case 0:
            close(piped[i][0]);
            for( i= 1; i < argc; i++)
               write(piped[i][1], buf, sizeof(buf));
            write(piped[i][1], total, sizeof(total));
            break;
         case 1:
            {  close(piped[i][1]); 
               read(piped[i][0], buf, sizeof(buf));
               f--;
               if(f>0)
                  printf("%s pid(%d)\n", buf, f);
               if (i == argc-1){
                  printf("%s", total);
               }
               wait(NULL);
            }
         default:
            if(i == argc -1)
               printf("\n");
      } 
      fclose(fp);
   } 
   exit(0);
}
   /*sprintf(buf,"%d", newlines);
            sprintf(buf,"%s\t%d",buf, words);
            sprintf(buf,"%s\t%d",buf, bytes);
            sprintf(buf,"%s\t%s",buf, cp);
            printf("%s\n", buf);
                */
$ 
$ 
$ gcc  project6.c
$ 
$ 
$ wc scripttest.txt^[[D^[[D^[[D                          project       scrit pttest.txt sortsub.txt subdir.txt
  7   7  55 scripttest.txt
 11  51 271 sortsub.txt
 23  74 627 subdir.txt
 41 132 953 total
$ 
$ 
$ ./a.out       gcc project6.c
$ 
$ ./a.out scripttest.txt sortsub.txt subdir.txt
    7     7    55 scripttest.txt pid(29283)
   11    38   271 sortsub.txt pid(29284)
   23    90   627 subdir.txt pid(29285)
   41   135   953 total
$ 
$ 
$ 

Script done on Tue 13 May 2014 09:38:19 AM PDT
